2026-01-25 11:17:38,702 master logger INFO Actions available:
2026-01-25 11:17:38,702 master logger INFO 1 - Stop node
2026-01-25 11:17:38,702 master logger INFO 2 - Reboot node
2026-01-25 11:17:38,702 master logger INFO 3 - Show processes states
2026-01-25 11:17:38,702 master logger INFO 4 - Exit and terminate all processes
2026-01-25 11:17:38,703 master logger DEBUG Running routines...
2026-01-25 11:17:39,704 master logger DEBUG Send check to node 1...
2026-01-25 11:17:39,705 master logger DEBUG Send check to node 2...
2026-01-25 11:17:39,705 master logger DEBUG Send check to node 3...
2026-01-25 11:17:39,705 master logger DEBUG Send check to node 4...
2026-01-25 11:17:39,705 master logger DEBUG Send check to node 5...
2026-01-25 11:17:59,725 master logger DEBUG Send check to node 1...
2026-01-25 11:17:59,726 master logger DEBUG Send check to node 2...
2026-01-25 11:17:59,726 master logger DEBUG Send check to node 3...
2026-01-25 11:17:59,726 master logger DEBUG Send check to node 4...
2026-01-25 11:17:59,727 master logger DEBUG Send check to node 5...
2026-01-25 11:18:19,747 master logger DEBUG Send check to node 1...
2026-01-25 11:18:19,747 master logger DEBUG Send check to node 2...
2026-01-25 11:18:19,748 master logger DEBUG Send check to node 3...
2026-01-25 11:18:19,748 master logger DEBUG Send check to node 4...
2026-01-25 11:18:19,748 master logger DEBUG Send check to node 5...
2026-01-25 11:18:20,569 master logger DEBUG Check the output.log files for processes states
2026-01-25 11:18:20,569 master logger INFO Actions available:
2026-01-25 11:18:20,570 master logger INFO 1 - Stop node
2026-01-25 11:18:20,570 master logger INFO 2 - Reboot node
2026-01-25 11:18:20,570 master logger INFO 3 - Show processes states
2026-01-25 11:18:20,570 master logger INFO 4 - Exit and terminate all processes
2026-01-25 11:18:37,717 master logger INFO !!! CRASHING NODE 5 (PID 36442) !!!
2026-01-25 11:18:37,721 master logger INFO Actions available:
2026-01-25 11:18:37,722 master logger INFO 1 - Stop node
2026-01-25 11:18:37,722 master logger INFO 2 - Reboot node
2026-01-25 11:18:37,722 master logger INFO 3 - Show processes states
2026-01-25 11:18:37,722 master logger INFO 4 - Exit and terminate all processes
2026-01-25 11:18:39,768 master logger DEBUG Send check to node 1...
2026-01-25 11:18:39,769 master logger DEBUG Send check to node 2...
2026-01-25 11:18:39,769 master logger DEBUG Send check to node 3...
2026-01-25 11:18:39,769 master logger DEBUG Send check to node 4...
2026-01-25 11:18:39,770 master logger DEBUG Send check to node 5...
2026-01-25 11:18:59,789 master logger DEBUG Send check to node 1...
2026-01-25 11:18:59,789 master logger DEBUG Send check to node 2...
2026-01-25 11:18:59,790 master logger DEBUG Send check to node 3...
2026-01-25 11:18:59,791 master logger DEBUG Send check to node 4...
2026-01-25 11:18:59,791 master logger DEBUG Send check to node 5...
2026-01-25 11:19:19,822 master logger DEBUG Send check to node 1...
2026-01-25 11:19:19,822 master logger DEBUG Send check to node 2...
2026-01-25 11:19:19,823 master logger DEBUG Send check to node 3...
2026-01-25 11:19:19,823 master logger DEBUG Send check to node 4...
2026-01-25 11:19:19,824 master logger DEBUG Send check to node 5...
2026-01-25 11:19:39,140 master logger DEBUG Check the output.log files for processes states
2026-01-25 11:19:39,140 master logger INFO Actions available:
2026-01-25 11:19:39,141 master logger INFO 1 - Stop node
2026-01-25 11:19:39,141 master logger INFO 2 - Reboot node
2026-01-25 11:19:39,141 master logger INFO 3 - Show processes states
2026-01-25 11:19:39,141 master logger INFO 4 - Exit and terminate all processes
2026-01-25 11:19:39,844 master logger DEBUG Send check to node 1...
2026-01-25 11:19:39,845 master logger DEBUG Send check to node 2...
2026-01-25 11:19:39,845 master logger DEBUG Send check to node 3...
2026-01-25 11:19:39,846 master logger DEBUG Send check to node 4...
2026-01-25 11:19:39,846 master logger DEBUG Send check to node 5...
2026-01-25 11:19:59,866 master logger DEBUG Send check to node 1...
2026-01-25 11:19:59,867 master logger DEBUG Send check to node 2...
2026-01-25 11:19:59,867 master logger DEBUG Send check to node 3...
2026-01-25 11:19:59,867 master logger DEBUG Send check to node 4...
2026-01-25 11:19:59,868 master logger DEBUG Send check to node 5...
2026-01-25 11:20:07,564 master logger INFO --- Rebooting Node 5 ---
2026-01-25 11:20:07,565 master logger INFO Actions available:
2026-01-25 11:20:07,566 master logger INFO 1 - Stop node
2026-01-25 11:20:07,566 master logger INFO 2 - Reboot node
2026-01-25 11:20:07,566 master logger INFO 3 - Show processes states
2026-01-25 11:20:07,566 master logger INFO 4 - Exit and terminate all processes
2026-01-25 11:20:19,886 master logger DEBUG Send check to node 1...
2026-01-25 11:20:19,887 master logger DEBUG Send check to node 2...
2026-01-25 11:20:19,888 master logger DEBUG Send check to node 3...
2026-01-25 11:20:19,888 master logger DEBUG Send check to node 4...
2026-01-25 11:20:19,889 master logger DEBUG Send check to node 5...
2026-01-25 11:20:39,908 master logger DEBUG Send check to node 1...
2026-01-25 11:20:39,908 master logger DEBUG Send check to node 2...
2026-01-25 11:20:39,909 master logger DEBUG Send check to node 3...
2026-01-25 11:20:39,909 master logger DEBUG Send check to node 4...
2026-01-25 11:20:39,909 master logger DEBUG Send check to node 5...
2026-01-25 11:20:55,704 master logger DEBUG Check the output.log files for processes states
2026-01-25 11:20:55,705 master logger INFO Actions available:
2026-01-25 11:20:55,705 master logger INFO 1 - Stop node
2026-01-25 11:20:55,717 master logger INFO 2 - Reboot node
2026-01-25 11:20:55,717 master logger INFO 3 - Show processes states
2026-01-25 11:20:55,717 master logger INFO 4 - Exit and terminate all processes
2026-01-25 11:20:59,931 master logger DEBUG Send check to node 1...
2026-01-25 11:20:59,931 master logger DEBUG Send check to node 2...
2026-01-25 11:20:59,932 master logger DEBUG Send check to node 3...
2026-01-25 11:20:59,932 master logger DEBUG Send check to node 4...
2026-01-25 11:20:59,932 master logger DEBUG Send check to node 5...
2026-01-25 11:21:17,074 master logger DEBUG Node 0 shutting down...
2026-01-25 11:21:17,074 master logger INFO Terminating gracefully all nodes...
2026-01-25 11:21:17,235 master logger DEBUG Done.
2026-01-25 11:21:17,952 master logger DEBUG Shutting down the routines...
